<html lang="en">
    <body>
        <h1>Default Preview</h1>
        <p>Welcome to the default preview page for Isolaid.</p>
    </body>
</html>
