<html lang="en">
    <body>
        <h1>IsoView Index</h1>
        <p>This page lists all routes that are available to preview using IsoView.</p>

        <ul>
                            <li><a href="/" title="Knutle\IsoView\Http\Controllers\RouteListController@index">index (RouteListController@index)</a></li>
                            <li><a href="/default" title="Knutle\IsoView\Http\Controllers\RouteListController@default">default (RouteListController@default)</a></li>
             </ul>
    </body>
</html>
